This is pdfTeX, Version 3.141592653-2.6-1.40.29 (MiKTeX 26.2) (preloaded format=pdflatex 2026.4.29)  25 MAY 2026 15:33
entering extended mode
 restricted \write18 enabled.
 file:line:error style messages enabled.
 %&-line parsing enabled.
**d:/User/Documents/curso_guion/Escaleta.tex
(d:/User/Documents/curso_guion/Escaleta.tex
LaTeX2e <2025-11-01>
L3 programming layer <2026-03-20>
(C:\Users\CincoSeis\AppData\Local\Programs\MiKTeX\tex/latex/base\article.cls
Document Class: article 2025/01/22 v1.4n Standard LaTeX document class
(C:\Users\CincoSeis\AppData\Local\Programs\MiKTeX\tex/latex/base\size12.clo
File: size12.clo 2025/01/22 v1.4n Standard LaTeX file (size option)
)
\c@part=\count275
\c@section=\count276
\c@subsection=\count277
\c@subsubsection=\count278
\c@paragraph=\count279
\c@subparagraph=\count280
\c@figure=\count281
\c@table=\count282
\abovecaptionskip=\skip49
\belowcaptionskip=\skip50
\bibindent=\dimen150
) (C:\Users\CincoSeis\AppData\Local\Programs\MiKTeX\tex/latex/base\fontenc.sty
Package: fontenc 2025/07/18 v2.1d Standard LaTeX package
) (C:\Users\CincoSeis\AppData\Local\Programs\MiKTeX\tex/latex/base\inputenc.sty
Package: inputenc 2024/02/08 v1.3d Input encoding file
\inpenc@prehook=\toks17
\inpenc@posthook=\toks18
) (C:\Users\CincoSeis\AppData\Local\Programs\MiKTeX\tex/generic/babel\babel.sty
Package: babel 2026/03/24 v26.5 The multilingual framework for LuaLaTeX, pdfLaTeX and XeLaTeX
\babel@savecnt=\count283
LaTeX Encoding Info:    Redeclaring text command \ij (encoding OT1) on input line 2078.
LaTeX Encoding Info:    Redeclaring text command \IJ (encoding OT1) on input line 2080.
LaTeX Encoding Info:    Redeclaring text command \ij (encoding T1) on input line 2082.
LaTeX Encoding Info:    Redeclaring text command \IJ (encoding T1) on input line 2083.
LaTeX Encoding Info:    Ignoring declaration for text command \ij (encoding ?) on input line 2084.
LaTeX Encoding Info:    Ignoring declaration for text command \IJ (encoding ?) on input line 2086.
LaTeX Encoding Info:    Ignoring declaration for text command \SS (encoding ?) on input line 2111.
\U@D=\dimen151
\l@unhyphenated=\language79
 (C:\Users\CincoSeis\AppData\Local\Programs\MiKTeX\tex/generic/babel\txtbabel.def)
\bbl@readstream=\read2
\bbl@dirlevel=\count284
Package babel Info: Configuration files are deprecated, as
(babel)             they can break document portability.
(babel)             Reported on input line 4206.

*************************************
* Local config file bblopts.cfg used
*
(C:\Users\CincoSeis\AppData\Local\Programs\MiKTeX\tex/latex/arabi\bblopts.cfg
File: bblopts.cfg 2005/09/08 v0.1 add Arabic and Farsi to "declared" options of babel
) (C:\Users\CincoSeis\AppData\Local\Programs\MiKTeX\tex/generic/babel/locale/es\babel-spanish.tex)
Package babel Info: Importing font and identification data for spanish
(babel)             from babel-es.ini. Reported on input line 4330.
 (C:\Users\CincoSeis\AppData\Local\Programs\MiKTeX\tex/latex/babel-spanish\spanish.ldf
Language: spanish.ldf 2021/05/27 v5.0q Spanish support from the babel system
\es@quottoks=\toks19
\es@quotdepth=\count285
Package babel Info: Making " an active character on input line 570.
Package babel Info: Making . an active character on input line 675.
Package babel Info: Making < an active character on input line 722.
Package babel Info: Making > an active character on input line 722.
))
LaTeX Encoding Info:    Redeclaring text command \guillemotleft (encoding OT1) on input line 7.
LaTeX Encoding Info:    Redeclaring text command \guillemotright (encoding OT1) on input line 7.
 (C:\Users\CincoSeis\AppData\Local\Programs\MiKTeX\tex/latex/psnfss\courier.sty
Package: courier 2020/03/25 PSNFSS-v9.3 (WaS) 
) (C:\Users\CincoSeis\AppData\Local\Programs\MiKTeX\tex/latex/enumitem\enumitem.sty
Package: enumitem 2025/02/06 v3.11 Customized lists
\enitkv@toks@=\toks20
\labelindent=\skip51
\enit@outerparindent=\dimen152
\enit@toks=\toks21
\enit@inbox=\box53
\enit@count@id=\count286
\enitdp@description=\count287
) (C:\Users\CincoSeis\AppData\Local\Programs\MiKTeX\tex/latex/ragged2e\ragged2e.sty
Package: ragged2e 2023/06/22 v3.6 ragged2e Package
\CenteringLeftskip=\skip52
\RaggedLeftLeftskip=\skip53
\RaggedRightLeftskip=\skip54
\CenteringRightskip=\skip55
\RaggedLeftRightskip=\skip56
\RaggedRightRightskip=\skip57
\CenteringParfillskip=\skip58
\RaggedLeftParfillskip=\skip59
\RaggedRightParfillskip=\skip60
\JustifyingParfillskip=\skip61
\CenteringParindent=\skip62
\RaggedLeftParindent=\skip63
\RaggedRightParindent=\skip64
\JustifyingParindent=\skip65
) (C:\Users\CincoSeis\AppData\Local\Programs\MiKTeX\tex/latex/geometry\geometry.sty
Package: geometry 2026/03/07 v6.0 Page Geometry
 (C:\Users\CincoSeis\AppData\Local\Programs\MiKTeX\tex/latex/graphics\keyval.sty
Package: keyval 2022/05/29 v1.15 key=value parser (DPC)
\KV@toks@=\toks22
) (C:\Users\CincoSeis\AppData\Local\Programs\MiKTeX\tex/generic/iftex\ifvtex.sty
Package: ifvtex 2019/10/25 v1.7 ifvtex legacy package. Use iftex instead.
 (C:\Users\CincoSeis\AppData\Local\Programs\MiKTeX\tex/generic/iftex\iftex.sty
Package: iftex 2024/12/12 v1.0g TeX engine tests
))
\Gm@cnth=\count288
\Gm@cntv=\count289
\c@Gm@tempcnt=\count290
\Gm@bindingoffset=\dimen153
\Gm@wd@mp=\dimen154
\Gm@odd@mp=\dimen155
\Gm@even@mp=\dimen156
\Gm@layoutwidth=\dimen157
\Gm@layoutheight=\dimen158
\Gm@layouthoffset=\dimen159
\Gm@layoutvoffset=\dimen160
\Gm@dimlist=\toks23
 (C:\Users\CincoSeis\AppData\Local\Programs\MiKTeX\tex/latex/geometry\geometry.cfg)) (C:\Users\CincoSeis\AppData\Local\Programs\MiKTeX\tex/latex/setspace\setspace.sty
Package: setspace 2022/12/04 v6.7b set line spacing
)
\c@numescena=\count291
LaTeX Font Info:    Trying to load font information for T1+pcr on input line 71.
 (C:\Users\CincoSeis\AppData\Local\Programs\MiKTeX\tex/latex/psnfss\t1pcr.fd
File: t1pcr.fd 2001/06/04 font definitions for T1/pcr.
) (C:\Users\CincoSeis\AppData\Local\Programs\MiKTeX\tex/latex/l3backend\l3backend-pdftex.def
File: l3backend-pdftex.def 2026-02-18 L3 backend support: PDF output (pdfTeX)
\l__color_backend_stack_int=\count292
) (Escaleta.aux
LaTeX Info: Redefining \. on input line 8.
LaTeX Info: Redefining \% on input line 8.
Package babel Info: 'spanish' activates 'spanish' shorthands.
(babel)             Reported on input line 8.
)
\openout1 = `Escaleta.aux'.

LaTeX Font Info:    Checking defaults for OML/cmm/m/it on input line 71.
LaTeX Font Info:    ... okay on input line 71.
LaTeX Font Info:    Checking defaults for OMS/cmsy/m/n on input line 71.
LaTeX Font Info:    ... okay on input line 71.
LaTeX Font Info:    Checking defaults for OT1/cmr/m/n on input line 71.
LaTeX Font Info:    ... okay on input line 71.
LaTeX Font Info:    Checking defaults for T1/cmr/m/n on input line 71.
LaTeX Font Info:    ... okay on input line 71.
LaTeX Font Info:    Checking defaults for TS1/cmr/m/n on input line 71.
LaTeX Font Info:    ... okay on input line 71.
LaTeX Font Info:    Checking defaults for OMX/cmex/m/n on input line 71.
LaTeX Font Info:    ... okay on input line 71.
LaTeX Font Info:    Checking defaults for U/cmr/m/n on input line 71.
LaTeX Font Info:    ... okay on input line 71.
LaTeX Info: Redefining \. on input line 71.
LaTeX Info: Redefining \% on input line 71.

*geometry* driver: auto-detecting
*geometry* detected driver: pdftex
*geometry* verbose mode - [ preamble ] result:
* driver: pdftex
* paper: letterpaper
* layout: <same size as paper>
* layoutoffset:(h,v)=(0.0pt,0.0pt)
* modes: 
* h-part:(L,W,R)=(108.405pt, 433.62001pt, 72.26999pt)
* v-part:(T,H,B)=(72.26999pt, 650.43001pt, 72.26999pt)
* \paperwidth=614.295pt
* \paperheight=794.96999pt
* \textwidth=433.62001pt
* \textheight=650.43001pt
* \oddsidemargin=36.13501pt
* \evensidemargin=36.13501pt
* \topmargin=-37.0pt
* \headheight=12.0pt
* \headsep=25.0pt
* \topskip=12.0pt
* \footskip=30.0pt
* \marginparwidth=44.0pt
* \marginparsep=10.0pt
* \columnsep=10.0pt
* \skip\footins=10.8pt plus 4.0pt minus 2.0pt
* \hoffset=0.0pt
* \voffset=0.0pt
* \mag=1000
* \@twocolumnfalse
* \@twosidefalse
* \@mparswitchfalse
* \@reversemarginfalse
* (1in=72.27pt=25.4mm, 1cm=28.453pt)

[1

{C:/Users/CincoSeis/AppData/Local/MiKTeX/fonts/map/pdftex/pdftex.map}{C:/Users/CincoSeis/AppData/Local/Programs/MiKTeX/fonts/enc/dvips/base/8r.enc}]
Overfull \hbox (19.9798pt too wide) in paragraph at lines 100--101
\T1/pcr/m/n/12 junto a su mentor Tédulo, un viejo que conoció patiando. Juntos 
 []


Overfull \hbox (5.5798pt too wide) in paragraph at lines 100--101
\T1/pcr/m/n/12 corrupto con casas de cambio, lo engañan y le quitan un sobre 
 []


Overfull \hbox (34.37979pt too wide) in paragraph at lines 102--103
\T1/pcr/m/n/12 M.G. al manda asesinar a Teódulo y contrata a Sáncho, un policía, 
 []


Overfull \hbox (19.9798pt too wide) in paragraph at lines 102--103
\T1/pcr/m/n/12 para robar y amenzar a Amaury. Después de ser robado y golpeado 
 []


Overfull \hbox (12.7798pt too wide) in paragraph at lines 102--103
\T1/pcr/m/n/12 por Sáncho, Amaury se entera de la situación del viejo Teódulo 
 []


Overfull \hbox (27.1798pt too wide) in paragraph at lines 104--105
[]\T1/pcr/m/n/12 Amaury conoce a Eliseo Peluka, un patinador mayor que ha perdido 
 []


Overfull \hbox (12.7798pt too wide) in paragraph at lines 104--105
\T1/pcr/m/n/12 noche de fiesta. Enojado Amaury lo convence de ser su aprendiz 
 []


Overfull \hbox (12.7798pt too wide) in paragraph at lines 104--105
\T1/pcr/m/n/12 en una estafa elaborada. Peluka por el remordimiento del duelo 
 []


Overfull \hbox (34.37979pt too wide) in paragraph at lines 106--107
[]\T1/pcr/m/n/12 Tras investigar a M.G. se dan cuenta que es adicto a las apuestas 
 []


Overfull \hbox (19.9798pt too wide) in paragraph at lines 108--109
[]\T1/pcr/m/n/12 Cuando llega por el dinero Amaury le explica a M.G. como Peluka 
 []


Overfull \hbox (12.7798pt too wide) in paragraph at lines 108--109
\T1/pcr/m/n/12 club de apuestas y que ha estado engañando a Peluka por tiempo 
 []

[1]
Overfull \hbox (41.57979pt too wide) in paragraph at lines 110--111
[]\T1/pcr/m/n/12 Sáncho le sigue el rasto a Amaury y lo encara, pero es intervenido 
 []


Overfull \hbox (5.5798pt too wide) in paragraph at lines 110--111
\T1/pcr/m/n/12 le explica a Sáncho que llevan mucho tiempo buscando a Peluka 
 []


Overfull \hbox (19.9798pt too wide) in paragraph at lines 110--111
\T1/pcr/m/n/12 y que Amaury es la persona que los llevará a arrestar a Peluka, 
 []


Overfull \hbox (27.1798pt too wide) in paragraph at lines 110--111
\T1/pcr/m/n/12 haciendo "bajo el agua". Gracias a Sáncho, Amaury es intercepado 
 []


Overfull \hbox (27.1798pt too wide) in paragraph at lines 112--113
\T1/pcr/m/n/12 van a dar el resultado de la apuesta entran policias en cubierto 
 []


Overfull \hbox (12.7798pt too wide) in paragraph at lines 112--113
\T1/pcr/m/n/12 junto a Sáncho, al ver esto Amaury y Pelukaz se disparan entre 
 []


Overfull \hbox (5.5798pt too wide) in paragraph at lines 112--113
\T1/pcr/m/n/12 visto ahi y se revela que los policias encubiertos son falsos 
 []


Overfull \hbox (34.37979pt too wide) in paragraph at lines 117--118
[]\T1/pcr/m/n/12 Amaury es un joven que junto a su mentor Teódulo realiza pequeñas 
 []


Overfull \hbox (41.57979pt too wide) in paragraph at lines 117--118
\T1/pcr/m/n/12 estafas. Su mentor al querer retirarse lo refiere con un estafador 
 []


Overfull \hbox (12.7798pt too wide) in paragraph at lines 117--118
\T1/pcr/m/n/12 es obligado a huir pues M.G. asesina a Teódulo. En su vengansa 
 []

[2]
Overfull \hbox (6.15451pt too wide) in paragraph at lines 126--127
[]\T1/pcr/m/n/12 El corrupto policía Sáncho intercepta a Amaury y le exige 
 []


Overfull \hbox (13.3545pt too wide) in paragraph at lines 127--128
\T1/pcr/m/n/12 el robo del dinero, obligando a Amaury a huir por su vida.  
 []


Overfull \hbox (6.15451pt too wide) in paragraph at lines 128--129
[]\T1/pcr/m/n/12 Amaury viaja a Texcoco para buscar a El Pelukaz (Eliseo), 
 []


Overfull \hbox (27.7545pt too wide) in paragraph at lines 129--130
\T1/pcr/m/n/12 grupo de estafadores profesionales para diseñar un elaborado 
 []


Overfull \hbox (27.7545pt too wide) in paragraph at lines 131--132
[]\T1/pcr/m/n/12 Peluka se infiltra en su exclusiva partida de póker privada.  
 []


Overfull \hbox (34.9545pt too wide) in paragraph at lines 132--133
\T1/pcr/m/n/12 trampas y lo humilla frente a los demás pasajeros, provocando 
 []


Overfull \hbox (20.5545pt too wide) in paragraph at lines 133--134
[]\T1/pcr/m/n/12 Amaury, usando el alias de Keli, se acerca a M.G. fingiendo 
 []


Overfull \hbox (6.15451pt too wide) in paragraph at lines 133--134
\T1/pcr/m/n/12 odiar a Pelukaz y le propone una alianza para arruinarlo.  
 []

[3]
Overfull \hbox (6.15451pt too wide) in paragraph at lines 140--141
[]\T1/pcr/m/n/12 El informante llega a la casa de apuestas, le dice a M.G. 
 []


Overfull \hbox (6.15451pt too wide) in paragraph at lines 141--142
[]\T1/pcr/m/n/12 M.G. entra en pánico e intenta recuperar desesperadamente 
 []


Overfull \hbox (13.3545pt too wide) in paragraph at lines 141--142
\T1/pcr/m/n/12 su dinero pero aparecen los federales y Sáncho en el club.  
 []


Overfull \hbox (13.3545pt too wide) in paragraph at lines 142--143
[]\T1/pcr/m/n/12 Levi obliga a Amaury a traicionar a Peluka, lo que provoca 
 []


Overfull \hbox (6.15451pt too wide) in paragraph at lines 143--144
[]\T1/pcr/m/n/12 Levi se lleva a M.G. a toda prisa de la escena del crimen 
 []


Overfull \hbox (27.7545pt too wide) in paragraph at lines 143--144
\T1/pcr/m/n/12 para evitar que lo vinculen con el escándalo y los supuestos 
 []

[4] (Escaleta.aux
LaTeX Info: Redefining \. on input line 8.
LaTeX Info: Redefining \% on input line 8.
)
 ***********
LaTeX2e <2025-11-01>
L3 programming layer <2026-03-20>
 ***********
 ) 
Here is how much of TeX's memory you used:
 3325 strings out of 467691
 56259 string characters out of 5413051
 480725 words of memory out of 5000000
 32393 multiletter control sequences out of 15000+600000
 632532 words of font info for 54 fonts, out of 8000000 for 9000
 1141 hyphenation exceptions out of 8191
 57i,5n,65p,667b,365s stack positions out of 10000i,1000n,20000p,200000b,200000s
<C:/Users/CincoSeis/AppData/Local/Programs/MiKTeX/fonts/type1/urw/courier/ucrb8a.pfb><C:/Users/CincoSeis/AppData/Local/Programs/MiKTeX/fonts/type1/urw/courier/ucrr8a.pfb>
Output written on Escaleta.pdf (5 pages, 36403 bytes).
PDF statistics:
 29 PDF objects out of 1000 (max. 8388607)
 0 named destinations out of 1000 (max. 500000)
 1 words of extra memory for PDF output out of 10000 (max. 10000000)

